// Jest Snapshot v1, https://goo.gl/fbAQLP

exports[`HatchingAnimal component renders correctly with min params 1`] = `
<div
  className="section"
  style={
    Object {
      "height": "1px",
    }
  }
>
  <p>
    I am growing when I am mounted.
  </p>
</div>
`;
